******************************************************************************
                  TI ARM Linker PC v20.2.7                     
******************************************************************************
>> Linked Wed Nov 13 11:19:09 2024

OUTPUT FILE NAME:   <project4.out>
ENTRY POINT SYMBOL: "_c_int00_noargs"  address: 000008b5


MEMORY CONFIGURATION

         name            origin    length      used     unused   attr    fill
----------------------  --------  ---------  --------  --------  ----  --------
  FLASH                 00000000   00040000  00000936  0003f6ca  R  X
  SRAM                  20000000   00008000  00000219  00007de7  RW X


SEGMENT ALLOCATION MAP

run origin  load origin   length   init length attrs members
----------  ----------- ---------- ----------- ----- -------
00000000    00000000    0000093c   0000093c    r-x
  00000000    00000000    0000026c   0000026c    r-- .intvecs
  0000026c    0000026c    0000069e   0000069e    r-x .text
  00000910    00000910    0000002c   0000002c    r-- .cinit
20000000    20000000    00000219   00000000    rw-
  20000000    20000000    00000200   00000000    rw- .stack
  20000200    20000200    00000019   00000000    rw- .data


SECTION ALLOCATION MAP

 output                                  attributes/
section   page    origin      length       input sections
--------  ----  ----------  ----------   ----------------
.intvecs   0    00000000    0000026c     
                  00000000    0000026c     tm4c123gh6pm_startup_ccs.obj (.intvecs)

.text      0    0000026c    0000069e     
                  0000026c    00000500     main.obj (.text)
                  0000076c    0000009c     rtsv7M4_T_le_v4SPD16_eabi.lib : memcpy_t2.asm.obj (.text)
                  00000808    00000068                                   : copy_decompress_lzss.c.obj (.text:decompress:lzss:__TI_decompress_lzss)
                  00000870    00000044                                   : autoinit.c.obj (.text:__TI_auto_init_nobinit_nopinit:__TI_auto_init_nobinit_nopinit)
                  000008b4    00000034                                   : boot_cortex_m.c.obj (.text:_c_int00_noargs:_c_int00_noargs)
                  000008e8    0000000e                                   : copy_decompress_none.c.obj (.text:decompress:none:__TI_decompress_none)
                  000008f6    0000000c     tm4c123gh6pm_startup_ccs.obj (.text)
                  00000902    00000004     rtsv7M4_T_le_v4SPD16_eabi.lib : pre_init.c.obj (.text:_system_pre_init)
                  00000906    00000004                                   : exit.c.obj (.text:abort:abort)

.cinit     0    00000910    0000002c     
                  00000910    00000019     (.cinit..data.load) [load image, compression = lzss]
                  00000929    00000003     --HOLE-- [fill = 0]
                  0000092c    00000008     (__TI_handler_table)
                  00000934    00000008     (__TI_cinit_table)

.init_array 
*          0    00000000    00000000     UNINITIALIZED

.data      0    20000200    00000019     UNINITIALIZED
                  20000200    00000010     main.obj (.data:keypad)
                  20000210    00000009     main.obj (.data)

.stack     0    20000000    00000200     UNINITIALIZED
                  20000000    00000004     rtsv7M4_T_le_v4SPD16_eabi.lib : boot_cortex_m.c.obj (.stack)
                  20000004    000001fc     --HOLE--

__llvm_prf_cnts 
*          0    20000000    00000000     UNINITIALIZED

MODULE SUMMARY

       Module                         code   ro data   rw data
       ------                         ----   -------   -------
    .\
       main.obj                       1280   0         25     
       tm4c123gh6pm_startup_ccs.obj   12     620       0      
    +--+------------------------------+------+---------+---------+
       Total:                         1292   620       25     
                                                              
    C:\ti\ccs1280\ccs\tools\compiler\ti-cgt-arm_20.2.7.LTS\lib\rtsv7M4_T_le_v4SPD16_eabi.lib
       memcpy_t2.asm.obj              156    0         0      
       copy_decompress_lzss.c.obj     104    0         0      
       autoinit.c.obj                 68     0         0      
       boot_cortex_m.c.obj            52     0         0      
       copy_decompress_none.c.obj     14     0         0      
       exit.c.obj                     4      0         0      
       pre_init.c.obj                 4      0         0      
    +--+------------------------------+------+---------+---------+
       Total:                         402    0         0      
                                                              
       Stack:                         0      0         512    
       Linker Generated:              0      41        0      
    +--+------------------------------+------+---------+---------+
       Grand Total:                   1694   661       537    


LINKER GENERATED COPY TABLES

__TI_cinit_table @ 00000934 records: 1, size/record: 8, table size: 8
	.data: load addr=00000910, load size=00000019 bytes, run addr=20000200, run size=00000019 bytes, compression=lzss


LINKER GENERATED HANDLER TABLE

__TI_handler_table @ 0000092c records: 2, size/record: 4, table size: 8
	index: 0, handler: __TI_decompress_lzss
	index: 1, handler: __TI_decompress_none


GLOBAL SYMBOLS: SORTED ALPHABETICALLY BY Name 

address   name                          
-------   ----                          
20000210  A                             
20000214  B                             
00000907  C$$EXIT                       
0000072b  DelayMs                       
00000645  GetKeypadInput                
0000039f  HandleInput                   
000002a5  InitializeCalculator          
0000051b  LCD_Clear                     
00000587  LCD_Command                   
000005d9  LCD_Data                      
0000052b  LCD_DisplayString             
00000547  LCD_SetCursor                 
0000037d  ResetCalculator               
000008f7  ResetISR                      
20000200  __STACK_END                   
00000200  __STACK_SIZE                  
20000200  __STACK_TOP                   
00000934  __TI_CINIT_Base               
0000093c  __TI_CINIT_Limit              
0000092c  __TI_Handler_Table_Base       
00000934  __TI_Handler_Table_Limit      
00000871  __TI_auto_init_nobinit_nopinit
00000809  __TI_decompress_lzss          
000008e9  __TI_decompress_none          
ffffffff  __TI_pprof_out_hndl           
ffffffff  __TI_prof_data_size           
ffffffff  __TI_prof_data_start          
00000000  __TI_static_base__            
0000076d  __aeabi_memcpy                
0000076d  __aeabi_memcpy4               
0000076d  __aeabi_memcpy8               
ffffffff  __binit__                     
ffffffff  __c_args__                    
UNDEFED   __mpu_init                    
20000000  __stack                       
20000000  __start___llvm_prf_cnts       
20000000  __stop___llvm_prf_cnts        
000008b5  _c_int00_noargs               
UNDEFED   _system_post_cinit            
00000903  _system_pre_init              
00000907  abort                         
ffffffff  binit                         
20000218  current_state                 
00000000  g_pfnVectors                  
00000493  itoa                          
20000200  keypad                        
0000026d  main                          
0000076d  memcpy                        


GLOBAL SYMBOLS: SORTED BY Symbol Address 

address   name                          
-------   ----                          
00000000  __TI_static_base__            
00000000  g_pfnVectors                  
00000200  __STACK_SIZE                  
0000026d  main                          
000002a5  InitializeCalculator          
0000037d  ResetCalculator               
0000039f  HandleInput                   
00000493  itoa                          
0000051b  LCD_Clear                     
0000052b  LCD_DisplayString             
00000547  LCD_SetCursor                 
00000587  LCD_Command                   
000005d9  LCD_Data                      
00000645  GetKeypadInput                
0000072b  DelayMs                       
0000076d  __aeabi_memcpy                
0000076d  __aeabi_memcpy4               
0000076d  __aeabi_memcpy8               
0000076d  memcpy                        
00000809  __TI_decompress_lzss          
00000871  __TI_auto_init_nobinit_nopinit
000008b5  _c_int00_noargs               
000008e9  __TI_decompress_none          
000008f7  ResetISR                      
00000903  _system_pre_init              
00000907  C$$EXIT                       
00000907  abort                         
0000092c  __TI_Handler_Table_Base       
00000934  __TI_CINIT_Base               
00000934  __TI_Handler_Table_Limit      
0000093c  __TI_CINIT_Limit              
20000000  __stack                       
20000000  __start___llvm_prf_cnts       
20000000  __stop___llvm_prf_cnts        
20000200  __STACK_END                   
20000200  __STACK_TOP                   
20000200  keypad                        
20000210  A                             
20000214  B                             
20000218  current_state                 
ffffffff  __TI_pprof_out_hndl           
ffffffff  __TI_prof_data_size           
ffffffff  __TI_prof_data_start          
ffffffff  __binit__                     
ffffffff  __c_args__                    
ffffffff  binit                         
UNDEFED   __mpu_init                    
UNDEFED   _system_post_cinit            

[48 symbols]
